== go version go1.19.13 linux/amd64
  binarytrees-2: built in 0.2s, output ok, full run 14.06s
  fannkuchredux-3: built in 0.3s, output ok, full run 7.37s
  fasta-2: built in 0.2s, output ok, full run 1.81s
  knucleotide-7: built in 0.2s, output ok, full run 7.13s
  mandelbrot-4: built in 0.2s, output ok, full run 3.68s
  nbody-3: built in 0.2s, output ok, full run 4.86s
  pidigits-4: built in 0.9s, output ok, full run 0.80s
  pidigits-6: built in 0.2s, output ok, full run 2.23s
  regexredux-5: built in 0.5s, output ok, full run 5.30s
  regexredux-3: built in 0.2s, output ok, full run 25.83s
  revcomp-6: built in 0.2s, output ok, full run 12.04s
  spectralnorm-4: built in 0.2s, output ok, full run 0.51s
wrote results/smoke/go1.19.13.json
Machine: Intel(R) Xeon(R) Processor @ 2.80GHz x4, 15 GB RAM, GOAMD64=v2, smoke mode: 1 full-size run per program, stdout hashed (2026-09-25T09:29:15+00:00)

| benchmark | program | variant | median secs | min secs | ± stdev | cpu secs | (of which sys) | peak mem MB | build secs | site secs (go1.23.1) |
|---|---|---|---:|---:|---:|---:|---:|---:|---:|---:|
| binarytrees | Go #2 | fastest | 14.064 | 14.064 | 0.000 | 54.61 | 2.63 | 557 | 0.2 | 14.21 |
| fannkuchredux | Go #3 | fastest | 7.365 | 7.365 | 0.000 | 29.02 | 0.05 | 18 | 0.2 | 8.36 |
| fasta | Go #2 | fastest | 1.807 | 1.807 | 0.000 | 3.70 | 0.30 | 18 | 0.2 | 1.27 |
| knucleotide | Go #7 | fastest | 7.134 | 7.134 | 0.000 | 24.16 | 1.10 | 165 | 0.2 | 7.58 |
| mandelbrot | Go #4 | fastest | 3.684 | 3.684 | 0.000 | 14.13 | 0.13 | 36 | 0.2 | 3.77 |
| nbody | Go #3 | fastest | 4.856 | 4.856 | 0.000 | 4.86 | 0.02 | 20 | 0.2 | 6.39 |
| pidigits | Go #4 | fastest | 0.804 | 0.804 | 0.000 | 0.88 | 0.01 | 20 | 0.9 | 0.82 |
| pidigits | Go #6 | pure-go | 2.231 | 2.231 | 0.000 | 2.23 | 0.04 | 20 | 0.2 | 2.47 |
| regexredux | Go #5 | fastest | 5.300 | 5.300 | 0.000 | 8.52 | 1.92 | 264 | 0.5 | 3.23 |
| regexredux | Go #3 | pure-go | 25.833 | 25.833 | 0.000 | 61.68 | 2.50 | 356 | 0.2 | 25.15 |
| revcomp | Go #6 | fastest | 12.043 | 12.043 | 0.000 | 13.02 | 8.46 | 1,392 | 0.2 | 1.93 |
| spectralnorm | Go #4 | fastest | 0.514 | 0.514 | 0.000 | 1.90 | 0.00 | 20 | 0.2 | 1.43 |
