== go version go1.22.12 linux/amd64
  binarytrees-2: built in 0.2s, output ok, full run 13.50s
  fannkuchredux-3: built in 0.2s, output ok, full run 7.73s
  fasta-2: built in 0.3s, output ok, full run 1.95s
  knucleotide-7: built in 0.3s, output ok, full run 6.61s
  mandelbrot-4: built in 0.2s, output ok, full run 3.59s
  nbody-3: built in 0.2s, output ok, full run 4.57s
  pidigits-4: built in 0.8s, output ok, full run 0.77s
  pidigits-6: built in 0.2s, output ok, full run 2.33s
  regexredux-5: built in 0.5s, output ok, full run 3.99s
  regexredux-3: built in 0.2s, output ok, full run 25.48s
  revcomp-6: built in 0.2s, output ok, full run 10.06s
  spectralnorm-4: built in 0.2s, output ok, full run 0.55s
wrote results/smoke/go1.22.12.json
Machine: Intel(R) Xeon(R) Processor @ 2.80GHz x4, 15 GB RAM, GOAMD64=v2, smoke mode: 1 full-size run per program, stdout hashed (2026-09-25T09:24:41+00:00)

| benchmark | program | variant | median secs | min secs | ± stdev | cpu secs | (of which sys) | peak mem MB | build secs | site secs (go1.23.1) |
|---|---|---|---:|---:|---:|---:|---:|---:|---:|---:|
| binarytrees | Go #2 | fastest | 13.505 | 13.505 | 0.000 | 52.40 | 1.25 | 583 | 0.2 | 14.21 |
| fannkuchredux | Go #3 | fastest | 7.733 | 7.733 | 0.000 | 30.54 | 0.08 | 18 | 0.2 | 8.36 |
| fasta | Go #2 | fastest | 1.952 | 1.952 | 0.000 | 4.15 | 0.23 | 18 | 0.3 | 1.27 |
| knucleotide | Go #7 | fastest | 6.609 | 6.609 | 0.000 | 24.22 | 0.54 | 159 | 0.3 | 7.58 |
| mandelbrot | Go #4 | fastest | 3.591 | 3.591 | 0.000 | 13.77 | 0.12 | 35 | 0.2 | 3.77 |
| nbody | Go #3 | fastest | 4.573 | 4.573 | 0.000 | 4.57 | 0.02 | 20 | 0.2 | 6.39 |
| pidigits | Go #4 | fastest | 0.774 | 0.774 | 0.000 | 0.86 | 0.03 | 20 | 0.8 | 0.82 |
| pidigits | Go #6 | pure-go | 2.334 | 2.334 | 0.000 | 2.34 | 0.04 | 20 | 0.2 | 2.47 |
| regexredux | Go #5 | fastest | 3.992 | 3.992 | 0.000 | 7.03 | 1.41 | 284 | 0.5 | 3.23 |
| regexredux | Go #3 | pure-go | 25.475 | 25.475 | 0.000 | 65.73 | 2.45 | 358 | 0.2 | 25.15 |
| revcomp | Go #6 | fastest | 10.058 | 10.058 | 0.000 | 12.18 | 7.00 | 1,573 | 0.2 | 1.93 |
| spectralnorm | Go #4 | fastest | 0.551 | 0.551 | 0.000 | 1.96 | 0.02 | 20 | 0.2 | 1.43 |
