== go version go1.25.14 linux/amd64
  binarytrees-2: built in 0.2s, output ok, full run 13.17s
  fannkuchredux-3: built in 0.2s, output ok, full run 7.72s
  fasta-2: built in 0.3s, output ok, full run 1.97s
  knucleotide-7: built in 0.2s, output ok, full run 4.77s
  mandelbrot-4: built in 0.3s, output ok, full run 3.63s
  nbody-3: built in 0.2s, output ok, full run 4.68s
  pidigits-4: built in 1.0s, output ok, full run 0.81s
  pidigits-6: built in 0.3s, output ok, full run 1.81s
  regexredux-5: built in 0.6s, output ok, full run 3.83s
  regexredux-3: built in 0.3s, output ok, full run 21.99s
  revcomp-6: built in 0.3s, output ok, full run 10.49s
  spectralnorm-4: built in 0.3s, output ok, full run 0.56s
wrote results/smoke/go1.25.14.json
Machine: Intel(R) Xeon(R) Processor @ 2.80GHz x4, 15 GB RAM, GOAMD64=v2, smoke mode: 1 full-size run per program, stdout hashed (2026-09-25T09:20:26+00:00)

| benchmark | program | variant | median secs | min secs | ± stdev | cpu secs | (of which sys) | peak mem MB | build secs | site secs (go1.23.1) |
|---|---|---|---:|---:|---:|---:|---:|---:|---:|---:|
| binarytrees | Go #2 | fastest | 13.167 | 13.167 | 0.000 | 50.62 | 1.19 | 568 | 0.2 | 14.21 |
| fannkuchredux | Go #3 | fastest | 7.724 | 7.724 | 0.000 | 30.47 | 0.07 | 18 | 0.2 | 8.36 |
| fasta | Go #2 | fastest | 1.974 | 1.974 | 0.000 | 4.33 | 0.20 | 18 | 0.3 | 1.27 |
| knucleotide | Go #7 | fastest | 4.773 | 4.773 | 0.000 | 16.68 | 0.25 | 160 | 0.2 | 7.58 |
| mandelbrot | Go #4 | fastest | 3.628 | 3.628 | 0.000 | 13.87 | 0.12 | 35 | 0.3 | 3.77 |
| nbody | Go #3 | fastest | 4.675 | 4.675 | 0.000 | 4.68 | 0.02 | 20 | 0.2 | 6.39 |
| pidigits | Go #4 | fastest | 0.815 | 0.815 | 0.000 | 0.88 | 0.01 | 20 | 1.0 | 0.82 |
| pidigits | Go #6 | pure-go | 1.813 | 1.813 | 0.000 | 1.82 | 0.02 | 20 | 0.3 | 2.47 |
| regexredux | Go #5 | fastest | 3.829 | 3.829 | 0.000 | 6.67 | 1.09 | 242 | 0.6 | 3.23 |
| regexredux | Go #3 | pure-go | 21.994 | 21.994 | 0.000 | 53.27 | 1.72 | 337 | 0.3 | 25.15 |
| revcomp | Go #6 | fastest | 10.489 | 10.489 | 0.000 | 13.04 | 7.38 | 1,574 | 0.3 | 1.93 |
| spectralnorm | Go #4 | fastest | 0.563 | 0.563 | 0.000 | 1.90 | 0.01 | 20 | 0.3 | 1.43 |
