== go version go1.12.17 linux/amd64
  binarytrees-2: built in 0.4s, output ok, full run 18.63s
  fannkuchredux-3: built in 0.4s, output ok, full run 9.17s
  fasta-2: built in 0.4s, output ok, full run 1.95s
  knucleotide-7: built in 0.4s, output ok, full run 7.22s
  mandelbrot-4: built in 0.3s, output ok, full run 3.59s
  nbody-3: built in 0.4s, output ok, full run 5.04s
  pidigits-4: built in 1.0s, output ok, full run 0.84s
  pidigits-6: built in 0.4s, output ok, full run 1.61s
  regexredux-5: built in 0.5s, output ok, full run 3.39s
  regexredux-3: built in 0.4s, output ok, full run 29.72s
  revcomp-6: built in 0.3s, output ok, full run 12.62s
  spectralnorm-4: built in 0.4s, output ok, full run 0.65s
wrote results/smoke/go1.12.17.json
Machine: Intel(R) Xeon(R) Processor @ 2.80GHz x4, 15 GB RAM, GOAMD64=v2, smoke mode: 1 full-size run per program, stdout hashed (2026-09-25T09:40:26+00:00)

| benchmark | program | variant | median secs | min secs | ± stdev | cpu secs | (of which sys) | peak mem MB | build secs | site secs (go1.23.1) |
|---|---|---|---:|---:|---:|---:|---:|---:|---:|---:|
| binarytrees | Go #2 | fastest | 18.630 | 18.630 | 0.000 | 70.55 | 11.52 | 638 | 0.4 | 14.21 |
| fannkuchredux | Go #3 | fastest | 9.167 | 9.167 | 0.000 | 36.16 | 0.02 | 18 | 0.3 | 8.36 |
| fasta | Go #2 | fastest | 1.948 | 1.948 | 0.000 | 3.89 | 0.24 | 18 | 0.4 | 1.27 |
| knucleotide | Go #7 | fastest | 7.219 | 7.219 | 0.000 | 26.62 | 0.33 | 163 | 0.4 | 7.58 |
| mandelbrot | Go #4 | fastest | 3.589 | 3.589 | 0.000 | 13.71 | 0.10 | 36 | 0.3 | 3.77 |
| nbody | Go #3 | fastest | 5.036 | 5.036 | 0.000 | 5.02 | 0.00 | 19 | 0.4 | 6.39 |
| pidigits | Go #4 | fastest | 0.840 | 0.840 | 0.000 | 0.84 | 0.00 | 19 | 1.0 | 0.82 |
| pidigits | Go #6 | pure-go | 1.609 | 1.609 | 0.000 | 1.60 | 0.00 | 19 | 0.4 | 2.47 |
| regexredux | Go #5 | fastest | 3.387 | 3.387 | 0.000 | 5.73 | 0.49 | 272 | 0.5 | 3.23 |
| regexredux | Go #3 | pure-go | 29.715 | 29.715 | 0.000 | 75.91 | 0.59 | 434 | 0.4 | 25.15 |
| revcomp | Go #6 | fastest | 12.620 | 12.620 | 0.000 | 15.66 | 8.02 | 1,753 | 0.3 | 1.93 |
| spectralnorm | Go #4 | fastest | 0.651 | 0.651 | 0.000 | 2.07 | 0.01 | 20 | 0.4 | 1.43 |
