== go version go1.13.15 linux/amd64
  binarytrees-2: built in 0.3s, output ok, full run 18.00s
  fannkuchredux-3: built in 0.3s, output ok, full run 8.02s
  fasta-2: built in 0.3s, output ok, full run 1.94s
  knucleotide-7: built in 0.4s, output ok, full run 8.04s
  mandelbrot-4: built in 0.4s, output ok, full run 3.76s
  nbody-3: built in 0.3s, output ok, full run 4.84s
  pidigits-4: built in 1.0s, output ok, full run 0.83s
  pidigits-6: built in 0.4s, output ok, full run 1.56s
  regexredux-5: built in 0.6s, output ok, full run 5.29s
  regexredux-3: built in 0.4s, output ok, full run 28.07s
  revcomp-6: built in 0.3s, output ok, full run 12.83s
  spectralnorm-4: built in 0.3s, output ok, full run 0.65s
wrote results/smoke/go1.13.15.json
Machine: Intel(R) Xeon(R) Processor @ 2.80GHz x4, 15 GB RAM, GOAMD64=v2, smoke mode: 1 full-size run per program, stdout hashed (2026-09-25T09:38:43+00:00)

| benchmark | program | variant | median secs | min secs | ± stdev | cpu secs | (of which sys) | peak mem MB | build secs | site secs (go1.23.1) |
|---|---|---|---:|---:|---:|---:|---:|---:|---:|---:|
| binarytrees | Go #2 | fastest | 18.004 | 18.004 | 0.000 | 68.17 | 10.58 | 607 | 0.3 | 14.21 |
| fannkuchredux | Go #3 | fastest | 8.020 | 8.020 | 0.000 | 31.56 | 0.02 | 18 | 0.3 | 8.36 |
| fasta | Go #2 | fastest | 1.941 | 1.941 | 0.000 | 3.82 | 0.18 | 18 | 0.3 | 1.27 |
| knucleotide | Go #7 | fastest | 8.038 | 8.038 | 0.000 | 28.28 | 1.04 | 165 | 0.4 | 7.58 |
| mandelbrot | Go #4 | fastest | 3.758 | 3.758 | 0.000 | 14.39 | 0.10 | 35 | 0.3 | 3.77 |
| nbody | Go #3 | fastest | 4.843 | 4.843 | 0.000 | 4.81 | 0.00 | 19 | 0.3 | 6.39 |
| pidigits | Go #4 | fastest | 0.827 | 0.827 | 0.000 | 0.90 | 0.02 | 19 | 1.0 | 0.82 |
| pidigits | Go #6 | pure-go | 1.558 | 1.558 | 0.000 | 1.55 | 0.03 | 19 | 0.4 | 2.47 |
| regexredux | Go #5 | fastest | 5.293 | 5.293 | 0.000 | 8.20 | 1.49 | 309 | 0.6 | 3.23 |
| regexredux | Go #3 | pure-go | 28.071 | 28.071 | 0.000 | 70.36 | 1.66 | 488 | 0.4 | 25.15 |
| revcomp | Go #6 | fastest | 12.829 | 12.829 | 0.000 | 16.86 | 8.55 | 2,175 | 0.3 | 1.93 |
| spectralnorm | Go #4 | fastest | 0.645 | 0.645 | 0.000 | 2.19 | 0.01 | 19 | 0.3 | 1.43 |
