== go version go1.23.12 linux/amd64
  binarytrees-2: built in 0.2s, output ok, full run 13.61s
  fannkuchredux-3: built in 0.3s, output ok, full run 7.52s
  fasta-2: built in 0.3s, output ok, full run 1.96s
  knucleotide-7: built in 0.3s, output ok, full run 6.40s
  mandelbrot-4: built in 0.2s, output ok, full run 3.64s
  nbody-3: built in 0.2s, output ok, full run 4.61s
  pidigits-4: built in 0.9s, output ok, full run 0.77s
  pidigits-6: built in 0.3s, output ok, full run 2.33s
  regexredux-5: built in 0.6s, output ok, full run 3.58s
  regexredux-3: built in 0.3s, output ok, full run 23.52s
  revcomp-6: built in 0.2s, output ok, full run 8.50s
  spectralnorm-4: built in 0.3s, output ok, full run 0.57s
wrote results/smoke/go1.23.12.json
Machine: Intel(R) Xeon(R) Processor @ 2.80GHz x4, 15 GB RAM, GOAMD64=v2, smoke mode: 1 full-size run per program, stdout hashed (2026-09-25T09:23:16+00:00)

| benchmark | program | variant | median secs | min secs | ± stdev | cpu secs | (of which sys) | peak mem MB | build secs | site secs (go1.23.1) |
|---|---|---|---:|---:|---:|---:|---:|---:|---:|---:|
| binarytrees | Go #2 | fastest | 13.612 | 13.612 | 0.000 | 52.77 | 0.98 | 545 | 0.2 | 14.21 |
| fannkuchredux | Go #3 | fastest | 7.521 | 7.521 | 0.000 | 29.70 | 0.12 | 18 | 0.3 | 8.36 |
| fasta | Go #2 | fastest | 1.961 | 1.961 | 0.000 | 4.10 | 0.21 | 18 | 0.2 | 1.27 |
| knucleotide | Go #7 | fastest | 6.403 | 6.403 | 0.000 | 23.48 | 0.42 | 159 | 0.3 | 7.58 |
| mandelbrot | Go #4 | fastest | 3.643 | 3.643 | 0.000 | 13.90 | 0.12 | 35 | 0.2 | 3.77 |
| nbody | Go #3 | fastest | 4.614 | 4.614 | 0.000 | 4.63 | 0.02 | 20 | 0.2 | 6.39 |
| pidigits | Go #4 | fastest | 0.772 | 0.772 | 0.000 | 0.85 | 0.02 | 20 | 0.9 | 0.82 |
| pidigits | Go #6 | pure-go | 2.328 | 2.328 | 0.000 | 2.31 | 0.04 | 20 | 0.3 | 2.47 |
| regexredux | Go #5 | fastest | 3.583 | 3.583 | 0.000 | 6.39 | 0.90 | 280 | 0.6 | 3.23 |
| regexredux | Go #3 | pure-go | 23.516 | 23.516 | 0.000 | 57.98 | 2.27 | 391 | 0.3 | 25.15 |
| revcomp | Go #6 | fastest | 8.498 | 8.498 | 0.000 | 8.36 | 4.56 | 1,268 | 0.2 | 1.93 |
| spectralnorm | Go #4 | fastest | 0.574 | 0.574 | 0.000 | 1.95 | 0.01 | 20 | 0.3 | 1.43 |
