== go version go1.14.15 linux/amd64
  binarytrees-2: built in 0.3s, output ok, full run 15.37s
  fannkuchredux-3: built in 0.3s, output ok, full run 7.66s
  fasta-2: built in 0.3s, output ok, full run 1.92s
  knucleotide-7: built in 0.3s, output ok, full run 8.03s
  mandelbrot-4: built in 0.3s, output ok, full run 3.66s
  nbody-3: built in 0.4s, output ok, full run 4.84s
  pidigits-4: built in 1.0s, output ok, full run 0.80s
  pidigits-6: built in 0.4s, output ok, full run 2.53s
  regexredux-5: built in 0.6s, output ok, full run 4.79s
  regexredux-3: built in 0.3s, output ok, full run 30.11s
  revcomp-6: built in 0.3s, output ok, full run 12.32s
  spectralnorm-4: built in 0.3s, output ok, full run 0.61s
wrote results/smoke/go1.14.15.json
Machine: Intel(R) Xeon(R) Processor @ 2.80GHz x4, 15 GB RAM, GOAMD64=v2, smoke mode: 1 full-size run per program, stdout hashed (2026-09-25T09:37:01+00:00)

| benchmark | program | variant | median secs | min secs | ± stdev | cpu secs | (of which sys) | peak mem MB | build secs | site secs (go1.23.1) |
|---|---|---|---:|---:|---:|---:|---:|---:|---:|---:|
| binarytrees | Go #2 | fastest | 15.374 | 15.374 | 0.000 | 59.62 | 2.87 | 648 | 0.3 | 14.21 |
| fannkuchredux | Go #3 | fastest | 7.657 | 7.657 | 0.000 | 30.22 | 0.06 | 18 | 0.3 | 8.36 |
| fasta | Go #2 | fastest | 1.920 | 1.920 | 0.000 | 3.83 | 0.20 | 18 | 0.3 | 1.27 |
| knucleotide | Go #7 | fastest | 8.030 | 8.030 | 0.000 | 27.69 | 1.06 | 165 | 0.3 | 7.58 |
| mandelbrot | Go #4 | fastest | 3.657 | 3.657 | 0.000 | 13.94 | 0.14 | 36 | 0.3 | 3.77 |
| nbody | Go #3 | fastest | 4.842 | 4.842 | 0.000 | 4.83 | 0.02 | 20 | 0.4 | 6.39 |
| pidigits | Go #4 | fastest | 0.796 | 0.796 | 0.000 | 0.88 | 0.01 | 20 | 1.0 | 0.82 |
| pidigits | Go #6 | pure-go | 2.529 | 2.529 | 0.000 | 2.52 | 0.03 | 20 | 0.4 | 2.47 |
| regexredux | Go #5 | fastest | 4.794 | 4.794 | 0.000 | 7.52 | 1.46 | 251 | 0.6 | 3.23 |
| regexredux | Go #3 | pure-go | 30.110 | 30.110 | 0.000 | 77.19 | 1.86 | 392 | 0.3 | 25.15 |
| revcomp | Go #6 | fastest | 12.317 | 12.317 | 0.000 | 15.79 | 8.81 | 1,432 | 0.3 | 1.93 |
| spectralnorm | Go #4 | fastest | 0.609 | 0.609 | 0.000 | 2.02 | 0.01 | 20 | 0.3 | 1.43 |
