== go version go1.16.15 linux/amd64
  binarytrees-2: built in 0.2s, output ok, full run 14.11s
  fannkuchredux-3: built in 0.2s, output ok, full run 7.54s
  fasta-2: built in 0.2s, output ok, full run 1.88s
  knucleotide-7: built in 0.3s, output ok, full run 7.78s
  mandelbrot-4: built in 0.2s, output ok, full run 3.64s
  nbody-3: built in 0.3s, output ok, full run 4.70s
  pidigits-4: built in 0.9s, output ok, full run 0.85s
  pidigits-6: built in 0.2s, output ok, full run 2.38s
  regexredux-5: built in 0.4s, output ok, full run 5.48s
  regexredux-3: built in 0.2s, output ok, full run 25.23s
  revcomp-6: built in 0.2s, output ok, full run 12.85s
  spectralnorm-4: built in 0.3s, output ok, full run 0.63s
wrote results/smoke/go1.16.15.json
Machine: Intel(R) Xeon(R) Processor @ 2.80GHz x4, 15 GB RAM, GOAMD64=v2, smoke mode: 1 full-size run per program, stdout hashed (2026-09-25T09:33:56+00:00)

| benchmark | program | variant | median secs | min secs | ± stdev | cpu secs | (of which sys) | peak mem MB | build secs | site secs (go1.23.1) |
|---|---|---|---:|---:|---:|---:|---:|---:|---:|---:|
| binarytrees | Go #2 | fastest | 14.111 | 14.111 | 0.000 | 55.03 | 2.57 | 650 | 0.2 | 14.21 |
| fannkuchredux | Go #3 | fastest | 7.541 | 7.541 | 0.000 | 29.81 | 0.05 | 18 | 0.2 | 8.36 |
| fasta | Go #2 | fastest | 1.883 | 1.883 | 0.000 | 3.73 | 0.25 | 18 | 0.2 | 1.27 |
| knucleotide | Go #7 | fastest | 7.783 | 7.783 | 0.000 | 26.98 | 1.09 | 165 | 0.3 | 7.58 |
| mandelbrot | Go #4 | fastest | 3.644 | 3.644 | 0.000 | 13.97 | 0.11 | 36 | 0.2 | 3.77 |
| nbody | Go #3 | fastest | 4.702 | 4.702 | 0.000 | 4.70 | 0.01 | 20 | 0.2 | 6.39 |
| pidigits | Go #4 | fastest | 0.849 | 0.849 | 0.000 | 0.94 | 0.02 | 20 | 0.9 | 0.82 |
| pidigits | Go #6 | pure-go | 2.378 | 2.378 | 0.000 | 2.38 | 0.02 | 20 | 0.2 | 2.47 |
| regexredux | Go #5 | fastest | 5.479 | 5.479 | 0.000 | 8.26 | 1.90 | 297 | 0.4 | 3.23 |
| regexredux | Go #3 | pure-go | 25.230 | 25.230 | 0.000 | 62.10 | 2.74 | 359 | 0.2 | 25.15 |
| revcomp | Go #6 | fastest | 12.853 | 12.853 | 0.000 | 16.13 | 9.77 | 1,313 | 0.2 | 1.93 |
| spectralnorm | Go #4 | fastest | 0.633 | 0.633 | 0.000 | 2.17 | 0.00 | 20 | 0.3 | 1.43 |
