== go version go1.18.10 linux/amd64
  binarytrees-2: built in 0.2s, output ok, full run 13.43s
  fannkuchredux-3: built in 0.3s, output ok, full run 7.55s
  fasta-2: built in 0.3s, output ok, full run 1.76s
  knucleotide-7: built in 0.3s, output ok, full run 7.02s
  mandelbrot-4: built in 0.3s, output ok, full run 3.70s
  nbody-3: built in 0.2s, output ok, full run 4.71s
  pidigits-4: built in 0.9s, output ok, full run 0.81s
  pidigits-6: built in 0.3s, output ok, full run 2.13s
  regexredux-5: built in 0.4s, output ok, full run 5.22s
  regexredux-3: built in 0.3s, output ok, full run 29.11s
  revcomp-6: built in 0.2s, output ok, full run 13.41s
  spectralnorm-4: built in 0.2s, output ok, full run 0.51s
wrote results/smoke/go1.18.10.json
Machine: Intel(R) Xeon(R) Processor @ 2.80GHz x4, 15 GB RAM, GOAMD64=v2, smoke mode: 1 full-size run per program, stdout hashed (2026-09-25T09:30:48+00:00)

| benchmark | program | variant | median secs | min secs | ± stdev | cpu secs | (of which sys) | peak mem MB | build secs | site secs (go1.23.1) |
|---|---|---|---:|---:|---:|---:|---:|---:|---:|---:|
| binarytrees | Go #2 | fastest | 13.430 | 13.430 | 0.000 | 52.41 | 2.50 | 585 | 0.2 | 14.21 |
| fannkuchredux | Go #3 | fastest | 7.552 | 7.552 | 0.000 | 29.82 | 0.12 | 18 | 0.2 | 8.36 |
| fasta | Go #2 | fastest | 1.764 | 1.764 | 0.000 | 3.69 | 0.24 | 18 | 0.3 | 1.27 |
| knucleotide | Go #7 | fastest | 7.018 | 7.018 | 0.000 | 24.16 | 0.96 | 164 | 0.3 | 7.58 |
| mandelbrot | Go #4 | fastest | 3.704 | 3.704 | 0.000 | 14.18 | 0.20 | 36 | 0.3 | 3.77 |
| nbody | Go #3 | fastest | 4.706 | 4.706 | 0.000 | 4.70 | 0.01 | 19 | 0.2 | 6.39 |
| pidigits | Go #4 | fastest | 0.807 | 0.807 | 0.000 | 0.88 | 0.03 | 19 | 0.9 | 0.82 |
| pidigits | Go #6 | pure-go | 2.127 | 2.127 | 0.000 | 2.14 | 0.05 | 19 | 0.2 | 2.47 |
| regexredux | Go #5 | fastest | 5.222 | 5.222 | 0.000 | 8.35 | 1.95 | 266 | 0.5 | 3.23 |
| regexredux | Go #3 | pure-go | 29.113 | 29.113 | 0.000 | 74.61 | 2.89 | 337 | 0.2 | 25.15 |
| revcomp | Go #6 | fastest | 13.409 | 13.409 | 0.000 | 15.96 | 10.42 | 1,669 | 0.2 | 1.93 |
| spectralnorm | Go #4 | fastest | 0.506 | 0.506 | 0.000 | 1.89 | 0.01 | 19 | 0.2 | 1.43 |
