== go version go1.26.8 linux/amd64
  binarytrees-2: built in 0.3s, output ok, full run 12.36s
  fannkuchredux-3: built in 0.3s, output ok, full run 7.84s
  fasta-2: built in 0.3s, output ok, full run 1.90s
  knucleotide-7: built in 0.3s, output ok, full run 4.69s
  mandelbrot-4: built in 0.3s, output ok, full run 3.59s
  nbody-3: built in 0.2s, output ok, full run 4.50s
  pidigits-4: built in 0.9s, output ok, full run 0.79s
  pidigits-6: built in 0.3s, output ok, full run 1.93s
  regexredux-5: built in 0.5s, output ok, full run 3.18s
  regexredux-3: built in 0.3s, output ok, full run 23.58s
  revcomp-6: built in 0.2s, output ok, full run 10.69s
  spectralnorm-4: built in 0.3s, output ok, full run 0.53s
wrote results/smoke/go1.26.8.json
Machine: Intel(R) Xeon(R) Processor @ 2.80GHz x4, 15 GB RAM, GOAMD64=v2, smoke mode: 1 full-size run per program, stdout hashed (2026-09-25T09:19:02+00:00)

| benchmark | program | variant | median secs | min secs | ± stdev | cpu secs | (of which sys) | peak mem MB | build secs | site secs (go1.23.1) |
|---|---|---|---:|---:|---:|---:|---:|---:|---:|---:|
| binarytrees | Go #2 | fastest | 12.360 | 12.360 | 0.000 | 48.04 | 1.21 | 557 | 0.3 | 14.21 |
| fannkuchredux | Go #3 | fastest | 7.841 | 7.841 | 0.000 | 31.05 | 0.07 | 18 | 0.3 | 8.36 |
| fasta | Go #2 | fastest | 1.898 | 1.898 | 0.000 | 4.05 | 0.27 | 18 | 0.3 | 1.27 |
| knucleotide | Go #7 | fastest | 4.688 | 4.688 | 0.000 | 16.54 | 0.22 | 160 | 0.3 | 7.58 |
| mandelbrot | Go #4 | fastest | 3.588 | 3.588 | 0.000 | 13.83 | 0.14 | 35 | 0.3 | 3.77 |
| nbody | Go #3 | fastest | 4.497 | 4.497 | 0.000 | 4.53 | 0.02 | 20 | 0.2 | 6.39 |
| pidigits | Go #4 | fastest | 0.786 | 0.786 | 0.000 | 0.87 | 0.01 | 20 | 0.9 | 0.82 |
| pidigits | Go #6 | pure-go | 1.928 | 1.928 | 0.000 | 1.89 | 0.01 | 20 | 0.3 | 2.47 |
| regexredux | Go #5 | fastest | 3.182 | 3.182 | 0.000 | 5.76 | 0.71 | 320 | 0.6 | 3.23 |
| regexredux | Go #3 | pure-go | 23.578 | 23.578 | 0.000 | 59.14 | 2.25 | 387 | 0.3 | 25.15 |
| revcomp | Go #6 | fastest | 10.691 | 10.691 | 0.000 | 13.43 | 7.91 | 1,577 | 0.2 | 1.93 |
| spectralnorm | Go #4 | fastest | 0.535 | 0.535 | 0.000 | 1.87 | 0.01 | 20 | 0.3 | 1.43 |
