== go version go1.20.14 linux/amd64
  binarytrees-2: built in 0.2s, output ok, full run 14.88s
  fannkuchredux-3: built in 0.2s, output ok, full run 7.46s
  fasta-2: built in 0.2s, output ok, full run 1.97s
  knucleotide-7: built in 0.2s, output ok, full run 7.08s
  mandelbrot-4: built in 0.3s, output ok, full run 3.56s
  nbody-3: built in 0.2s, output ok, full run 4.63s
  pidigits-4: built in 0.9s, output ok, full run 0.88s
  pidigits-6: built in 0.3s, output ok, full run 2.22s
  regexredux-5: built in 0.4s, output ok, full run 5.53s
  regexredux-3: built in 0.2s, output ok, full run 26.00s
  revcomp-6: built in 0.2s, output ok, full run 11.92s
  spectralnorm-4: built in 0.3s, output ok, full run 0.65s
wrote results/smoke/go1.20.14.json
Machine: Intel(R) Xeon(R) Processor @ 2.80GHz x4, 15 GB RAM, GOAMD64=v2, smoke mode: 1 full-size run per program, stdout hashed (2026-09-25T09:27:41+00:00)

| benchmark | program | variant | median secs | min secs | ± stdev | cpu secs | (of which sys) | peak mem MB | build secs | site secs (go1.23.1) |
|---|---|---|---:|---:|---:|---:|---:|---:|---:|---:|
| binarytrees | Go #2 | fastest | 14.877 | 14.877 | 0.000 | 57.95 | 2.49 | 540 | 0.2 | 14.21 |
| fannkuchredux | Go #3 | fastest | 7.462 | 7.462 | 0.000 | 29.27 | 0.07 | 18 | 0.2 | 8.36 |
| fasta | Go #2 | fastest | 1.975 | 1.975 | 0.000 | 4.29 | 0.20 | 18 | 0.2 | 1.27 |
| knucleotide | Go #7 | fastest | 7.077 | 7.077 | 0.000 | 24.33 | 1.08 | 162 | 0.2 | 7.58 |
| mandelbrot | Go #4 | fastest | 3.561 | 3.561 | 0.000 | 13.72 | 0.12 | 35 | 0.2 | 3.77 |
| nbody | Go #3 | fastest | 4.628 | 4.628 | 0.000 | 4.62 | 0.01 | 20 | 0.2 | 6.39 |
| pidigits | Go #4 | fastest | 0.880 | 0.880 | 0.000 | 0.96 | 0.02 | 20 | 0.9 | 0.82 |
| pidigits | Go #6 | pure-go | 2.219 | 2.219 | 0.000 | 2.23 | 0.02 | 20 | 0.3 | 2.47 |
| regexredux | Go #5 | fastest | 5.527 | 5.527 | 0.000 | 8.66 | 2.00 | 297 | 0.4 | 3.23 |
| regexredux | Go #3 | pure-go | 25.998 | 25.998 | 0.000 | 63.75 | 3.04 | 357 | 0.2 | 25.15 |
| revcomp | Go #6 | fastest | 11.924 | 11.924 | 0.000 | 14.36 | 8.57 | 1,247 | 0.2 | 1.93 |
| spectralnorm | Go #4 | fastest | 0.647 | 0.647 | 0.000 | 2.05 | 0.01 | 20 | 0.2 | 1.43 |
