== go version go1.24.13 linux/amd64
  binarytrees-2: built in 0.3s, output ok, full run 12.94s
  fannkuchredux-3: built in 0.3s, output ok, full run 7.83s
  fasta-2: built in 0.3s, output ok, full run 1.89s
  knucleotide-7: built in 0.3s, output ok, full run 5.01s
  mandelbrot-4: built in 0.3s, output ok, full run 3.67s
  nbody-3: built in 0.3s, output ok, full run 4.69s
  pidigits-4: built in 1.0s, output ok, full run 0.82s
  pidigits-6: built in 0.3s, output ok, full run 2.26s
  regexredux-5: built in 0.6s, output ok, full run 4.11s
  regexredux-3: built in 0.3s, output ok, full run 22.58s
  revcomp-6: built in 0.2s, output ok, full run 10.74s
  spectralnorm-4: built in 0.3s, output ok, full run 0.48s
wrote results/smoke/go1.24.13.json
Machine: Intel(R) Xeon(R) Processor @ 2.80GHz x4, 15 GB RAM, GOAMD64=v2, smoke mode: 1 full-size run per program, stdout hashed (2026-09-25T09:21:50+00:00)

| benchmark | program | variant | median secs | min secs | ± stdev | cpu secs | (of which sys) | peak mem MB | build secs | site secs (go1.23.1) |
|---|---|---|---:|---:|---:|---:|---:|---:|---:|---:|
| binarytrees | Go #2 | fastest | 12.938 | 12.938 | 0.000 | 49.87 | 1.17 | 596 | 0.3 | 14.21 |
| fannkuchredux | Go #3 | fastest | 7.828 | 7.828 | 0.000 | 31.03 | 0.16 | 18 | 0.3 | 8.36 |
| fasta | Go #2 | fastest | 1.887 | 1.887 | 0.000 | 4.07 | 0.21 | 18 | 0.3 | 1.27 |
| knucleotide | Go #7 | fastest | 5.008 | 5.008 | 0.000 | 16.93 | 0.23 | 160 | 0.3 | 7.58 |
| mandelbrot | Go #4 | fastest | 3.668 | 3.668 | 0.000 | 14.03 | 0.14 | 35 | 0.3 | 3.77 |
| nbody | Go #3 | fastest | 4.692 | 4.692 | 0.000 | 4.72 | 0.02 | 20 | 0.3 | 6.39 |
| pidigits | Go #4 | fastest | 0.821 | 0.821 | 0.000 | 0.90 | 0.01 | 20 | 1.0 | 0.82 |
| pidigits | Go #6 | pure-go | 2.260 | 2.260 | 0.000 | 2.23 | 0.04 | 20 | 0.3 | 2.47 |
| regexredux | Go #5 | fastest | 4.110 | 4.110 | 0.000 | 7.16 | 1.26 | 314 | 0.6 | 3.23 |
| regexredux | Go #3 | pure-go | 22.583 | 22.583 | 0.000 | 57.03 | 2.24 | 355 | 0.3 | 25.15 |
| revcomp | Go #6 | fastest | 10.743 | 10.743 | 0.000 | 13.19 | 7.81 | 1,578 | 0.2 | 1.93 |
| spectralnorm | Go #4 | fastest | 0.483 | 0.483 | 0.000 | 1.84 | 0.02 | 20 | 0.3 | 1.43 |
